app/_layout.tsx(95,25): error TS2367: This comparison appears to be unintentional because the types '"habits" | "notes" | "focus" | "modal" | "recap" | "settings" | "today" | "_sitemap" | "+not-found"' and '"login"' have no overlap.
app/_layout.tsx(99,22): error TS2345: Argument of type '"/login"' is not assignable to parameter of type '"/" | RelativePathString | ExternalPathString | "/focus" | `/focus?${string}` | `/focus#${string}` | "/habits" | `/habits?${string}` | `/habits#${string}` | `/?${string}` | `/#${string}` | ... 36 more ... | { ...; }'.
app/habits.tsx(67,81): error TS2345: Argument of type '"/login"' is not assignable to parameter of type '"/" | RelativePathString | ExternalPathString | "/focus" | `/focus?${string}` | `/focus#${string}` | "/habits" | `/habits?${string}` | `/habits#${string}` | `/?${string}` | `/#${string}` | ... 36 more ... | { ...; }'.
app/notes/index.tsx(43,81): error TS2345: Argument of type '"/login"' is not assignable to parameter of type '"/" | RelativePathString | ExternalPathString | "/focus" | `/focus?${string}` | `/focus#${string}` | "/habits" | `/habits?${string}` | `/habits#${string}` | `/?${string}` | `/#${string}` | ... 36 more ... | { ...; }'.
app/notes/index.tsx(86,17): error TS2322: Type '{ children: Element; key: string; style: { padding: number; marginBottom: number; }; onPress: () => void; onLongPress: () => void; }' is not assignable to type 'IntrinsicAttributes & AnimatedCardProps'.
  Property 'onLongPress' does not exist on type 'IntrinsicAttributes & AnimatedCardProps'.
app/settings.tsx(26,18): error TS2552: Cannot find name 'useRouter'. Did you mean 'router'?
app/settings.tsx(265,8): error TS2304: Cannot find name 'ConfirmDialog'.
components/ui/AnimatedCard.tsx(38,5): error TS1117: An object literal cannot have multiple properties with the same name.
components/ui/NativeSheet.tsx(47,13): error TS2322: Type '{ height: string | number; backgroundColor: string; borderTopLeftRadius: number; borderTopRightRadius: number; overflow: "hidden"; transform: { translateY: Animated.Value; }[]; }' is not assignable to type 'false | "" | RegisteredStyle<ViewStyle> | Value | AnimatedInterpolation<string | number> | WithAnimatedObject<ViewStyle> | WithAnimatedArray<...> | null | undefined'.
  Types of property 'height' are incompatible.
    Type 'string | number' is not assignable to type 'number | "auto" | `${number}%` | Value | AnimatedInterpolation<string | number> | WithAnimatedObject<AnimatedNode> | null | undefined'.
      Type 'string' is not assignable to type 'number | "auto" | `${number}%` | Value | AnimatedInterpolation<string | number> | WithAnimatedObject<AnimatedNode> | null | undefined'.
