app/(tabs)/more.tsx(237,37): error TS2339: Property 'syncCard' does not exist on type '{ container: { flex: number; paddingHorizontal: number; }; header: { marginBottom: number; paddingHorizontal: number; }; title: { fontSize: number; fontFamily: string; marginBottom: number; letterSpacing: number; }; ... 60 more ...; primaryBtnText: { ...; }; }'.
app/(tabs)/more.tsx(412,9): error TS2322: Type '{ children: Element; visible: boolean; onClose: () => void; title: string; }' is not assignable to type 'IntrinsicAttributes & NativeSheetProps'.
  Property 'title' does not exist on type 'IntrinsicAttributes & NativeSheetProps'.
app/(tabs)/more.tsx(452,9): error TS2322: Type '{ children: Element; visible: boolean; onClose: () => void; title: string; }' is not assignable to type 'IntrinsicAttributes & NativeSheetProps'.
  Property 'title' does not exist on type 'IntrinsicAttributes & NativeSheetProps'.
app/(tabs)/more.tsx(560,156): error TS2304: Cannot find name 'theme'.
app/+not-found.tsx(30,47): error TS1117: An object literal cannot have multiple properties with the same name.
app/habits.tsx(158,21): error TS2769: No overload matches this call.
  Overload 1 of 2, '(props: ViewProps): View', gave the following error.
    Type '{ position: string; top: number; right: number; width: number; height: number; borderRadius: number; zIndex: number; }' is not assignable to type 'Falsy | ViewStyle | RegisteredStyle<ViewStyle> | RecursiveArray<Falsy | ViewStyle | RegisteredStyle<ViewStyle>> | readonly (Falsy | ... 1 more ... | RegisteredStyle<...>)[]'.
      Type '{ position: string; top: number; right: number; width: number; height: number; borderRadius: number; zIndex: number; }' is not assignable to type 'ViewStyle'.
        Types of property 'position' are incompatible.
          Type 'string' is not assignable to type '"fixed" | "static" | "relative" | "absolute" | "sticky" | undefined'.
  Overload 2 of 2, '(props: ViewProps, context: any): View', gave the following error.
    Type '{ position: string; top: number; right: number; width: number; height: number; borderRadius: number; zIndex: number; }' is not assignable to type 'Falsy | ViewStyle | RegisteredStyle<ViewStyle> | RecursiveArray<Falsy | ViewStyle | RegisteredStyle<ViewStyle>> | readonly (Falsy | ... 1 more ... | RegisteredStyle<...>)[]'.
      Type '{ position: string; top: number; right: number; width: number; height: number; borderRadius: number; zIndex: number; }' is not assignable to type 'ViewStyle'.
        Types of property 'position' are incompatible.
          Type 'string' is not assignable to type '"fixed" | "static" | "relative" | "absolute" | "sticky" | undefined'.
app/habits.tsx(159,21): error TS2769: No overload matches this call.
  Overload 1 of 2, '(props: ViewProps): View', gave the following error.
    Type '{ position: string; bottom: number; left: number; width: number; height: number; borderRadius: number; zIndex: number; }' is not assignable to type 'Falsy | ViewStyle | RegisteredStyle<ViewStyle> | RecursiveArray<Falsy | ViewStyle | RegisteredStyle<ViewStyle>> | readonly (Falsy | ... 1 more ... | RegisteredStyle<...>)[]'.
      Type '{ position: string; bottom: number; left: number; width: number; height: number; borderRadius: number; zIndex: number; }' is not assignable to type 'ViewStyle'.
        Types of property 'position' are incompatible.
          Type 'string' is not assignable to type '"fixed" | "static" | "relative" | "absolute" | "sticky" | undefined'.
  Overload 2 of 2, '(props: ViewProps, context: any): View', gave the following error.
    Type '{ position: string; bottom: number; left: number; width: number; height: number; borderRadius: number; zIndex: number; }' is not assignable to type 'Falsy | ViewStyle | RegisteredStyle<ViewStyle> | RecursiveArray<Falsy | ViewStyle | RegisteredStyle<ViewStyle>> | readonly (Falsy | ... 1 more ... | RegisteredStyle<...>)[]'.
      Type '{ position: string; bottom: number; left: number; width: number; height: number; borderRadius: number; zIndex: number; }' is not assignable to type 'ViewStyle'.
        Types of property 'position' are incompatible.
          Type 'string' is not assignable to type '"fixed" | "static" | "relative" | "absolute" | "sticky" | undefined'.
app/modal.tsx(28,47): error TS1117: An object literal cannot have multiple properties with the same name.
app/notes/[id].tsx(253,21): error TS2345: Argument of type '{ title: string; content: string; is_locked: boolean; is_pinned: boolean; tags: string[]; image_uris: string[]; audio_uris: string[]; drawing_uris: string[]; media_uri: string | null; media_type: any; }' is not assignable to parameter of type 'Partial<Note>'.
  Types of property 'media_uri' are incompatible.
    Type 'string | null' is not assignable to type 'string | undefined'.
      Type 'null' is not assignable to type 'string | undefined'.
app/notes/[id].tsx(256,38): error TS2345: Argument of type '{ title: string; content: string; is_locked: boolean; is_pinned: boolean; tags: string[]; image_uris: string[]; audio_uris: string[]; drawing_uris: string[]; media_uri: string | null; media_type: any; }' is not assignable to parameter of type 'Partial<Note>'.
  Types of property 'media_uri' are incompatible.
    Type 'string | null' is not assignable to type 'string | undefined'.
      Type 'null' is not assignable to type 'string | undefined'.
app/notes/[id].tsx(392,80): error TS2304: Cannot find name 'colors'.
app/notes/[id].tsx(395,81): error TS2304: Cannot find name 'colors'.
app/notes/[id].tsx(438,44): error TS2304: Cannot find name 'colors'.
app/notes/[id].tsx(461,146): error TS2339: Property 'onConfirm' does not exist on type '{ title: string; message: string; type: AlertType; }'.
app/notes/[id].tsx(461,213): error TS2339: Property 'onCancel' does not exist on type '{ title: string; message: string; type: AlertType; }'.
app/notes/[id].tsx(461,281): error TS2339: Property 'showCancel' does not exist on type '{ title: string; message: string; type: AlertType; }'.
app/notes/[id].tsx(461,317): error TS2339: Property 'cancelText' does not exist on type '{ title: string; message: string; type: AlertType; }'.
app/notes/[id].tsx(461,354): error TS2339: Property 'confirmText' does not exist on type '{ title: string; message: string; type: AlertType; }'.
app/notes/index.tsx(39,59): error TS2339: Property 'loadTasks' does not exist on type 'AppState'.
app/notes/index.tsx(88,12): error TS18048: 'draftNote.title' is possibly 'undefined'.
app/notes/index.tsx(89,12): error TS18048: 'draftNote.content' is possibly 'undefined'.
app/signup.tsx(162,19): error TS2769: No overload matches this call.
  Overload 1 of 2, '(props: TextInputProps): TextInput', gave the following error.
    Type '{ style: ({ flex: number; fontSize: number; fontWeight: "600"; fontFamily: string; } | { color: string; })[]; onChangeText: Dispatch<SetStateAction<string>>; value: string; placeholder: string; placeholderTextColor: string; fontFamily: string; }' is not assignable to type 'IntrinsicAttributes & IntrinsicClassAttributes<TextInput> & Readonly<TextInputProps>'.
      Property 'fontFamily' does not exist on type 'IntrinsicAttributes & IntrinsicClassAttributes<TextInput> & Readonly<TextInputProps>'.
  Overload 2 of 2, '(props: TextInputProps, context: any): TextInput', gave the following error.
    Type '{ style: ({ flex: number; fontSize: number; fontWeight: "600"; fontFamily: string; } | { color: string; })[]; onChangeText: Dispatch<SetStateAction<string>>; value: string; placeholder: string; placeholderTextColor: string; fontFamily: string; }' is not assignable to type 'IntrinsicAttributes & IntrinsicClassAttributes<TextInput> & Readonly<TextInputProps>'.
      Property 'fontFamily' does not exist on type 'IntrinsicAttributes & IntrinsicClassAttributes<TextInput> & Readonly<TextInputProps>'.
app/signup.tsx(180,19): error TS2769: No overload matches this call.
  Overload 1 of 2, '(props: TextInputProps): TextInput', gave the following error.
    Type '{ style: ({ flex: number; fontSize: number; fontWeight: "600"; fontFamily: string; } | { color: string; })[]; onChangeText: Dispatch<SetStateAction<string>>; value: string; ... 4 more ...; fontFamily: string; }' is not assignable to type 'IntrinsicAttributes & IntrinsicClassAttributes<TextInput> & Readonly<TextInputProps>'.
      Property 'fontFamily' does not exist on type 'IntrinsicAttributes & IntrinsicClassAttributes<TextInput> & Readonly<TextInputProps>'.
  Overload 2 of 2, '(props: TextInputProps, context: any): TextInput', gave the following error.
    Type '{ style: ({ flex: number; fontSize: number; fontWeight: "600"; fontFamily: string; } | { color: string; })[]; onChangeText: Dispatch<SetStateAction<string>>; value: string; ... 4 more ...; fontFamily: string; }' is not assignable to type 'IntrinsicAttributes & IntrinsicClassAttributes<TextInput> & Readonly<TextInputProps>'.
      Property 'fontFamily' does not exist on type 'IntrinsicAttributes & IntrinsicClassAttributes<TextInput> & Readonly<TextInputProps>'.
app/signup.tsx(198,19): error TS2769: No overload matches this call.
  Overload 1 of 2, '(props: TextInputProps): TextInput', gave the following error.
    Type '{ style: ({ flex: number; fontSize: number; fontWeight: "600"; fontFamily: string; } | { color: string; })[]; onChangeText: Dispatch<SetStateAction<string>>; value: string; ... 4 more ...; fontFamily: string; }' is not assignable to type 'IntrinsicAttributes & IntrinsicClassAttributes<TextInput> & Readonly<TextInputProps>'.
      Property 'fontFamily' does not exist on type 'IntrinsicAttributes & IntrinsicClassAttributes<TextInput> & Readonly<TextInputProps>'.
  Overload 2 of 2, '(props: TextInputProps, context: any): TextInput', gave the following error.
    Type '{ style: ({ flex: number; fontSize: number; fontWeight: "600"; fontFamily: string; } | { color: string; })[]; onChangeText: Dispatch<SetStateAction<string>>; value: string; ... 4 more ...; fontFamily: string; }' is not assignable to type 'IntrinsicAttributes & IntrinsicClassAttributes<TextInput> & Readonly<TextInputProps>'.
      Property 'fontFamily' does not exist on type 'IntrinsicAttributes & IntrinsicClassAttributes<TextInput> & Readonly<TextInputProps>'.
app/signup.tsx(219,19): error TS2769: No overload matches this call.
  Overload 1 of 2, '(props: TextInputProps): TextInput', gave the following error.
    Type '{ style: ({ flex: number; fontSize: number; fontWeight: "600"; fontFamily: string; } | { color: string; })[]; onChangeText: Dispatch<SetStateAction<string>>; value: string; ... 4 more ...; fontFamily: string; }' is not assignable to type 'IntrinsicAttributes & IntrinsicClassAttributes<TextInput> & Readonly<TextInputProps>'.
      Property 'fontFamily' does not exist on type 'IntrinsicAttributes & IntrinsicClassAttributes<TextInput> & Readonly<TextInputProps>'.
  Overload 2 of 2, '(props: TextInputProps, context: any): TextInput', gave the following error.
    Type '{ style: ({ flex: number; fontSize: number; fontWeight: "600"; fontFamily: string; } | { color: string; })[]; onChangeText: Dispatch<SetStateAction<string>>; value: string; ... 4 more ...; fontFamily: string; }' is not assignable to type 'IntrinsicAttributes & IntrinsicClassAttributes<TextInput> & Readonly<TextInputProps>'.
      Property 'fontFamily' does not exist on type 'IntrinsicAttributes & IntrinsicClassAttributes<TextInput> & Readonly<TextInputProps>'.
app/tasks/index.tsx(118,19): error TS2739: Type 'Task' is missing the following properties from type 'Task': reminder_offset, reminder_scheduled
app/tasks/index.tsx(120,56): error TS2345: Argument of type 'Partial<import("C:/Users/HP/Desktop/Groundwork/lib/taskDatabase").Task>' is not assignable to parameter of type 'Partial<import("C:/Users/HP/Desktop/Groundwork/lib/db").Task>'.
  Types of property 'time_block' are incompatible.
    Type 'string | null | undefined' is not assignable to type 'string | undefined'.
      Type 'null' is not assignable to type 'string | undefined'.
app/tasks/index.tsx(139,59): error TS2345: Argument of type 'Partial<import("C:/Users/HP/Desktop/Groundwork/lib/taskDatabase").Task>' is not assignable to parameter of type 'Partial<import("C:/Users/HP/Desktop/Groundwork/lib/db").Task>'.
  Types of property 'time_block' are incompatible.
    Type 'string | null | undefined' is not assignable to type 'string | undefined'.
      Type 'null' is not assignable to type 'string | undefined'.
app/tasks/index.tsx(164,23): error TS2739: Type 'Task' is missing the following properties from type 'Task': reminder_offset, reminder_scheduled
app/tasks/index.tsx(166,57): error TS2345: Argument of type 'Partial<import("C:/Users/HP/Desktop/Groundwork/lib/taskDatabase").Task>' is not assignable to parameter of type 'Partial<import("C:/Users/HP/Desktop/Groundwork/lib/db").Task>'.
  Types of property 'time_block' are incompatible.
    Type 'string | null | undefined' is not assignable to type 'string | undefined'.
      Type 'null' is not assignable to type 'string | undefined'.
app/tasks/index.tsx(223,15): error TS2739: Type 'Task' is missing the following properties from type 'Task': reminder_offset, reminder_scheduled
app/tasks/index.tsx(225,49): error TS2345: Argument of type 'Partial<import("C:/Users/HP/Desktop/Groundwork/lib/taskDatabase").Task>' is not assignable to parameter of type 'Partial<import("C:/Users/HP/Desktop/Groundwork/lib/db").Task>'.
  Types of property 'time_block' are incompatible.
    Type 'string | null | undefined' is not assignable to type 'string | undefined'.
      Type 'null' is not assignable to type 'string | undefined'.
app/tasks/index.tsx(247,15): error TS2739: Type 'Task' is missing the following properties from type 'Task': reminder_offset, reminder_scheduled
app/tasks/index.tsx(249,49): error TS2345: Argument of type 'Partial<import("C:/Users/HP/Desktop/Groundwork/lib/taskDatabase").Task>' is not assignable to parameter of type 'Partial<import("C:/Users/HP/Desktop/Groundwork/lib/db").Task>'.
  Types of property 'time_block' are incompatible.
    Type 'string | null | undefined' is not assignable to type 'string | undefined'.
      Type 'null' is not assignable to type 'string | undefined'.
app/tasks/index.tsx(300,27): error TS2339: Property 'content' does not exist on type '{ topBlob: { position: "absolute"; top: number; right: number; width: number; height: number; borderRadius: number; zIndex: number; }; bottomBlob: { position: "absolute"; bottom: number; left: number; width: number; height: number; borderRadius: number; zIndex: number; }; ... 25 more ...; emptyView: { ...; }; }'.
app/tasks/index.tsx(318,19): error TS2345: Argument of type 'TaskInput' is not assignable to parameter of type 'Partial<Task>'.
  Types of property 'time_block' are incompatible.
    Type 'string | null | undefined' is not assignable to type 'string | undefined'.
      Type 'null' is not assignable to type 'string | undefined'.
components/AddTaskSheet.tsx(46,61): error TS18047: 'time' is possibly 'null'.
components/AddTaskSheet.tsx(77,49): error TS2551: Property 'cardBg' does not exist on type '{ isDark: boolean; background: string; backgroundGradientStart: string; backgroundGradientEnd: string; card: string; cardBorder: string; cardSolid: string; primaryText: string; secondaryText: string; ... 30 more ...; statusBar: string; }'. Did you mean 'card'?
components/AddTaskSheet.tsx(252,76): error TS1117: An object literal cannot have multiple properties with the same name.
components/AnimatedSplashScreen.tsx(92,28): error TS2322: Type '{ flex: number; backgroundColor: string; justifyContent: string; alignItems: string; }' is not assignable to type 'false | "" | (false & Partial<CSSAnimationProperties> & Partial<CSSTransitionProperties>) | ("" & Partial<...> & Partial<...>) | ... 14 more ... | undefined'.
  Type '{ flex: number; backgroundColor: string; justifyContent: string; alignItems: string; }' is not assignable to type '(false & Partial<CSSAnimationProperties> & Partial<CSSTransitionProperties>) | ("" & Partial<CSSAnimationProperties> & Partial<...>) | ... 12 more ... | readonly (false | ... 15 more ... | undefined)[]'.
    Type '{ flex: number; backgroundColor: string; justifyContent: string; alignItems: string; }' is not assignable to type '{ backfaceVisibility?: MaybeSharedValue<"visible"> | MaybeSharedValue<"hidden"> | undefined; backgroundColor?: string | OpaqueColorValue | SharedValueDisableContravariance<...> | SharedValueDisableContravariance<...> | { ...; } | undefined; ... 171 more ...; translateY?: number | ... 4 more ... | undefined; }'.
      Types of property 'alignItems' are incompatible.
        Type 'string' is not assignable to type '"center" | "flex-start" | "flex-end" | "stretch" | "baseline" | SharedValueDisableContravariance<"center"> | SharedValueDisableContravariance<"flex-start"> | SharedValueDisableContravariance<...> | SharedValueDisableContravariance<...> | SharedValueDisableContravariance<...> | undefined'.
components/AnimatedSplashScreen.tsx(142,5): error TS1117: An object literal cannot have multiple properties with the same name.
components/AnimatedSplashScreen.tsx(153,5): error TS1117: An object literal cannot have multiple properties with the same name.
components/AnimatedSplashScreen.tsx(158,5): error TS1117: An object literal cannot have multiple properties with the same name.
components/AnimatedSplashScreen.tsx(166,46): error TS1117: An object literal cannot have multiple properties with the same name.
components/HabitItem.tsx(5,10): error TS2459: Module '"@/store/useStore"' declares 'Habit' locally, but it is not exported.
components/TaskItem.tsx(5,10): error TS2459: Module '"@/store/useStore"' declares 'Task' locally, but it is not exported.
components/tasks/AddTaskSheet.tsx(190,69): error TS1117: An object literal cannot have multiple properties with the same name.
components/tasks/TaskCard.tsx(38,45): error TS2322: Type '{ strokeDashoffset: 0 | 24; }' is not assignable to type 'DefaultStyle'.
components/tasks/TaskCard.tsx(75,17): error TS2322: Type '{ d: string; stroke: string; strokeWidth: string; strokeLinecap: "round"; strokeLinejoin: "round"; strokeDasharray: number; style: any; }' is not assignable to type 'IntrinsicAttributes & IntrinsicClassAttributes<Component<AnimatedProps<PathProps>, any, any>> & Readonly<...>'.
  Property 'style' does not exist on type 'IntrinsicAttributes & IntrinsicClassAttributes<Component<AnimatedProps<PathProps>, any, any>> & Readonly<...>'.
hooks/useTasks.ts(69,14): error TS2345: Argument of type '(prev: Task[]) => (Task | null)[]' is not assignable to parameter of type 'SetStateAction<Task[]>'.
  Type '(prev: Task[]) => (Task | null)[]' is not assignable to type '(prevState: Task[]) => Task[]'.
    Type '(Task | null)[]' is not assignable to type 'Task[]'.
      Type 'Task | null' is not assignable to type 'Task'.
        Type 'null' is not assignable to type 'Task'.
hooks/useTasks.ts(117,14): error TS2345: Argument of type '(prev: Task[]) => (Task | null)[]' is not assignable to parameter of type 'SetStateAction<Task[]>'.
  Type '(prev: Task[]) => (Task | null)[]' is not assignable to type '(prevState: Task[]) => Task[]'.
    Type '(Task | null)[]' is not assignable to type 'Task[]'.
      Type 'Task | null' is not assignable to type 'Task'.
        Type 'null' is not assignable to type 'Task'.
